// Jest Snapshot v1, https://goo.gl/fbAQLP

exports[`CopyButton should render with button text 1`] = `
<DocumentFragment>
  <span>
    <button
      class="ant-btn ant-btn-link Button-sc-d40bd577-0 sc-gswNZR dPgDWt fUKfuq"
      type="button"
    >
      <span>
        Copy  
      </span>
      <span
        class="anticon"
        role="img"
      >
        <svg
          fill="currentColor"
          height="1em"
          viewBox="0 0 24 24"
          width="1em"
        >
          <path
            d="M0 0h24v24H0z"
            fill="none"
          />
          <path
            d="M16 1H4c-1.1 0-2 .9-2 2v14h2V3h12V1zm3 4H8c-1.1 0-2 .9-2 2v14c0 1.1.9 2 2 2h11c1.1 0 2-.9 2-2V7c0-1.1-.9-2-2-2zm0 16H8V7h11v14z"
          />
        </svg>
      </span>
    </button>
  </span>
</DocumentFragment>
`;
