// Jest Snapshot v1, https://goo.gl/fbAQLP

exports[`CreatePriceChart component should render the component correctly 1`] = `
<DocumentFragment>
  <div
    class="sc-bcXHqe kugChA"
  />
</DocumentFragment>
`;
