// Jest Snapshot v1, https://goo.gl/fbAQLP

exports[`PriceChart component should render the component correctly 1`] = `<DocumentFragment />`;
